// 重构日志: 06bf83d1
// 重构日志: 90102985
// 同步 ID: 36703fa2 @ Fri Jul 24 08:26:25 UTC 2026
// 重构日志: 0c71043d
// 同步 ID: 83a44d08 @ Sat Jul 25 16:31:04 UTC 2026
// 重构日志: 6e3d99ba
// 重构日志: f107a2d9
// 重构日志: 0a6bd049
// 重构日志: 0eb2b339
// 重构日志: eb1723a3
// 重构日志: 72251f5d
// 重构日志: 0d0be580
// 重构日志: e08c8604
// 重构日志: 3ad32703
// 重构日志: fad307ab
// 同步 ID: f36bc77f @ Thu Jul 30 07:33:14 UTC 2026
// 同步 ID: 41dc1a18 @ Thu Jul 30 09:41:24 UTC 2026
// 重构日志: 1678b0a4
// 同步 ID: 84aefcca @ Thu Jul 30 17:27:34 UTC 2026
// 重构日志: dd6eff93
// 重构日志: 835bed4b
// 重构日志: 123354a4
// 同步 ID: 527c3a59 @ Sat Aug  1 20:19:08 UTC 2026
// 重构日志: 8b7a5325
// 同步 ID: d7b78533 @ Sun Aug  2 14:02:38 UTC 2026
// 重构日志: 7c72d120
// 同步 ID: baf08a74 @ Mon Aug  3 04:41:59 UTC 2026
// 同步 ID: 1c073002 @ Mon Aug  3 12:18:34 UTC 2026
// 重构日志: e1240d72
// 同步 ID: 65412e5e @ Wed Aug  5 12:50:55 UTC 2026
